TLC2 Version 2026.04.09.014118 (rev: 389440f)
Running breadth-first search Model-Checking with fp 11 and seed -2827754155679182377 with 16 workers on 16 cores with 10923MB heap and 64MB offheap memory [pid: 129454] (Linux 6.8.0-136-generic amd64, Ubuntu 21.0.11 64bit, MSBDiskFPSet, DiskStateQueue).
Parsing file /home/neo/RustroverProjects/resume-contract/formal/tla/ResumeContract.tla (file:/home/neo/RustroverProjects/resume-contract/formal/tla/independence_r8/../ResumeContract.tla)
Parsing file /tmp/tlc-6267559148160948386/Naturals.tla (jar:file:/home/neo/tla2tools.jar!/tla2sany/StandardModules/Naturals.tla)
Parsing file /tmp/tlc-6267559148160948386/Sequences.tla (jar:file:/home/neo/tla2tools.jar!/tla2sany/StandardModules/Sequences.tla)
Parsing file /tmp/tlc-6267559148160948386/_TLCTrace.tla (jar:file:/home/neo/tla2tools.jar!/tla2sany/StandardModules/_TLCTrace.tla)
Parsing file /tmp/tlc-6267559148160948386/TLC.tla (jar:file:/home/neo/tla2tools.jar!/tla2sany/StandardModules/TLC.tla)
Parsing file /tmp/tlc-6267559148160948386/TLCExt.tla (jar:file:/home/neo/tla2tools.jar!/tla2sany/StandardModules/TLCExt.tla)
Parsing file /tmp/tlc-6267559148160948386/FiniteSets.tla (jar:file:/home/neo/tla2tools.jar!/tla2sany/StandardModules/FiniteSets.tla)
Parsing file /tmp/tlc-6267559148160948386/Integers.tla (jar:file:/home/neo/tla2tools.jar!/tla2sany/StandardModules/Integers.tla)
Semantic processing of module Naturals
Semantic processing of module Sequences
Semantic processing of module FiniteSets
Semantic processing of module TLC
Semantic processing of module Integers
Semantic processing of module TLCExt
Semantic processing of module _TLCTrace
Semantic processing of module ResumeContract
Linting of module TLCExt
Linting of module _TLCTrace
Linting of module ResumeContract
Starting... (2026-07-25 19:54:04)
Computing initial states...
Finished computing initial states: 1 distinct state generated at 2026-07-25 19:54:04.
Progress(19) at 2026-07-25 19:54:07: 2,737,862 states generated (2,737,862 s/min), 1,421,066 distinct states found (1,421,066 ds/min), 561,443 states left on queue.
Model checking completed. No error has been found.
  Estimates of the probability that TLC did not check all reachable states
  because two distinct states had the same fingerprint:
  calculated (optimistic):  val = 2.9E-6
  based on the actual fingerprints:  val = 5.2E-7
14753520 states generated, 7435360 distinct states found, 0 states left on queue.
The depth of the complete state graph search is 24.
The average outdegree of the complete state graph is 1 (minimum is 0, the maximum 6 and the 95th percentile is 2).
Finished in 18s at (2026-07-25 19:54:22)
