TLC2 Version 2026.04.09.014118 (rev: 389440f)
Running breadth-first search Model-Checking with fp 49 and seed 4102231577985371208 with 16 workers on 16 cores with 10923MB heap and 64MB offheap memory [pid: 135790] (Linux 6.8.0-136-generic amd64, Ubuntu 21.0.11 64bit, MSBDiskFPSet, DiskStateQueue).
Parsing file /home/neo/RustroverProjects/resume-contract/formal/tla/ResumeContract.tla (file:/home/neo/RustroverProjects/resume-contract/formal/tla/independence_r8/../ResumeContract.tla)
Parsing file /tmp/tlc-9769979660893262371/Naturals.tla (jar:file:/home/neo/tla2tools.jar!/tla2sany/StandardModules/Naturals.tla)
Parsing file /tmp/tlc-9769979660893262371/Sequences.tla (jar:file:/home/neo/tla2tools.jar!/tla2sany/StandardModules/Sequences.tla)
Parsing file /tmp/tlc-9769979660893262371/_TLCTrace.tla (jar:file:/home/neo/tla2tools.jar!/tla2sany/StandardModules/_TLCTrace.tla)
Parsing file /tmp/tlc-9769979660893262371/TLC.tla (jar:file:/home/neo/tla2tools.jar!/tla2sany/StandardModules/TLC.tla)
Parsing file /tmp/tlc-9769979660893262371/TLCExt.tla (jar:file:/home/neo/tla2tools.jar!/tla2sany/StandardModules/TLCExt.tla)
Parsing file /tmp/tlc-9769979660893262371/FiniteSets.tla (jar:file:/home/neo/tla2tools.jar!/tla2sany/StandardModules/FiniteSets.tla)
Parsing file /tmp/tlc-9769979660893262371/Integers.tla (jar:file:/home/neo/tla2tools.jar!/tla2sany/StandardModules/Integers.tla)
Semantic processing of module Naturals
Semantic processing of module Sequences
Semantic processing of module FiniteSets
Semantic processing of module TLC
Semantic processing of module Integers
Semantic processing of module TLCExt
Semantic processing of module _TLCTrace
Semantic processing of module ResumeContract
Linting of module TLCExt
Linting of module _TLCTrace
Linting of module ResumeContract
Starting... (2026-07-25 20:21:19)
Computing initial states...
Finished computing initial states: 1 distinct state generated at 2026-07-25 20:21:19.
Progress(23) at 2026-07-25 20:21:22: 2,036,879 states generated (2,036,879 s/min), 1,064,453 distinct states found (1,064,453 ds/min), 429,251 states left on queue.
Progress(32) at 2026-07-25 20:22:22: 40,904,906 states generated (38,868,027 s/min), 20,747,179 distinct states found (19,682,726 ds/min), 4,548,529 states left on queue.
Progress(35) at 2026-07-25 20:23:22: 79,231,640 states generated (38,326,734 s/min), 39,951,880 distinct states found (19,204,701 ds/min), 6,487,797 states left on queue.
Progress(38) at 2026-07-25 20:24:22: 116,843,928 states generated (37,612,288 s/min), 58,793,484 distinct states found (18,841,604 ds/min), 7,635,549 states left on queue.
Progress(40) at 2026-07-25 20:25:22: 152,104,660 states generated (35,260,732 s/min), 76,447,240 distinct states found (17,653,756 ds/min), 8,044,130 states left on queue.
Progress(42) at 2026-07-25 20:26:22: 185,067,798 states generated (32,963,138 s/min), 92,945,924 distinct states found (16,498,684 ds/min), 7,776,026 states left on queue.
Progress(44) at 2026-07-25 20:27:22: 216,180,377 states generated (31,112,579 s/min), 108,518,925 distinct states found (15,573,001 ds/min), 6,974,117 states left on queue.
Progress(46) at 2026-07-25 20:28:22: 244,912,338 states generated (28,731,961 s/min), 122,895,878 distinct states found (14,376,953 ds/min), 5,672,173 states left on queue.
Progress(48) at 2026-07-25 20:29:22: 268,592,456 states generated (23,680,118 s/min), 134,741,508 distinct states found (11,845,630 ds/min), 3,949,417 states left on queue.
Progress(52) at 2026-07-25 20:30:22: 290,328,729 states generated (21,736,273 s/min), 145,615,643 distinct states found (10,874,135 ds/min), 1,407,522 states left on queue.
Model checking completed. No error has been found.
  Estimates of the probability that TLC did not check all reachable states
  because two distinct states had the same fingerprint:
  calculated (optimistic):  val = .0012
  based on the actual fingerprints:  val = .0016
296481526 states generated, 148691686 distinct states found, 0 states left on queue.
The depth of the complete state graph search is 60.
The average outdegree of the complete state graph is 1 (minimum is 0, the maximum 6 and the 95th percentile is 2).
Finished in 09min 27s at (2026-07-25 20:30:46)
