TLC2 Version 2026.04.09.014118 (rev: 389440f)
Running breadth-first search Model-Checking with fp 11 and seed -3059520719768171894 with 16 workers on 16 cores with 10923MB heap and 64MB offheap memory [pid: 141387] (Linux 6.8.0-136-generic amd64, Ubuntu 21.0.11 64bit, MSBDiskFPSet, DiskStateQueue).
Parsing file /home/neo/RustroverProjects/resume-contract/formal/tla/ResumeContract.tla (file:/home/neo/RustroverProjects/resume-contract/formal/tla/independence_r8/../ResumeContract.tla)
Parsing file /tmp/tlc-6716083830236090141/Naturals.tla (jar:file:/home/neo/tla2tools.jar!/tla2sany/StandardModules/Naturals.tla)
Parsing file /tmp/tlc-6716083830236090141/Sequences.tla (jar:file:/home/neo/tla2tools.jar!/tla2sany/StandardModules/Sequences.tla)
Parsing file /tmp/tlc-6716083830236090141/_TLCTrace.tla (jar:file:/home/neo/tla2tools.jar!/tla2sany/StandardModules/_TLCTrace.tla)
Parsing file /tmp/tlc-6716083830236090141/TLC.tla (jar:file:/home/neo/tla2tools.jar!/tla2sany/StandardModules/TLC.tla)
Parsing file /tmp/tlc-6716083830236090141/TLCExt.tla (jar:file:/home/neo/tla2tools.jar!/tla2sany/StandardModules/TLCExt.tla)
Parsing file /tmp/tlc-6716083830236090141/FiniteSets.tla (jar:file:/home/neo/tla2tools.jar!/tla2sany/StandardModules/FiniteSets.tla)
Parsing file /tmp/tlc-6716083830236090141/Integers.tla (jar:file:/home/neo/tla2tools.jar!/tla2sany/StandardModules/Integers.tla)
Semantic processing of module Naturals
Semantic processing of module Sequences
Semantic processing of module FiniteSets
Semantic processing of module TLC
Semantic processing of module Integers
Semantic processing of module TLCExt
Semantic processing of module _TLCTrace
Semantic processing of module ResumeContract
Linting of module TLCExt
Linting of module _TLCTrace
Linting of module ResumeContract
Starting... (2026-07-25 21:00:10)
Computing initial states...
Finished computing initial states: 1 distinct state generated at 2026-07-25 21:00:11.
Progress(23) at 2026-07-25 21:00:14: 2,327,843 states generated (2,327,843 s/min), 1,221,899 distinct states found (1,221,899 ds/min), 500,062 states left on queue.
Progress(31) at 2026-07-25 21:01:14: 46,718,415 states generated (44,390,572 s/min), 23,662,210 distinct states found (22,440,311 ds/min), 4,735,573 states left on queue.
Progress(34) at 2026-07-25 21:02:14: 82,864,826 states generated (36,146,411 s/min), 41,773,878 distinct states found (18,111,668 ds/min), 6,439,136 states left on queue.
Progress(37) at 2026-07-25 21:03:14: 117,889,187 states generated (35,024,361 s/min), 59,307,190 distinct states found (17,533,312 ds/min), 7,346,388 states left on queue.
Progress(39) at 2026-07-25 21:04:14: 150,361,927 states generated (32,472,740 s/min), 75,567,499 distinct states found (16,260,309 ds/min), 7,672,828 states left on queue.
Progress(41) at 2026-07-25 21:05:14: 182,366,115 states generated (32,004,188 s/min), 91,588,866 distinct states found (16,021,367 ds/min), 7,469,307 states left on queue.
Progress(43) at 2026-07-25 21:06:14: 212,729,317 states generated (30,363,202 s/min), 106,787,207 distinct states found (15,198,341 ds/min), 6,798,000 states left on queue.
Progress(46) at 2026-07-25 21:07:14: 240,440,464 states generated (27,711,147 s/min), 120,660,950 distinct states found (13,873,743 ds/min), 5,704,781 states left on queue.
Progress(48) at 2026-07-25 21:08:14: 266,514,666 states generated (26,074,202 s/min), 133,706,120 distinct states found (13,045,170 ds/min), 3,950,926 states left on queue.
Progress(52) at 2026-07-25 21:09:14: 285,876,321 states generated (19,361,655 s/min), 143,388,741 distinct states found (9,682,621 ds/min), 1,982,143 states left on queue.
Model checking completed. No error has been found.
  Estimates of the probability that TLC did not check all reachable states
  because two distinct states had the same fingerprint:
  calculated (optimistic):  val = .0012
  based on the actual fingerprints:  val = .0062
296481526 states generated, 148691686 distinct states found, 0 states left on queue.
The depth of the complete state graph search is 60.
The average outdegree of the complete state graph is 1 (minimum is 0, the maximum 6 and the 95th percentile is 2).
Finished in 09min 40s at (2026-07-25 21:09:50)
