TLC2 Version 2026.04.09.014118 (rev: 389440f)
Running breadth-first search Model-Checking with fp 87 and seed 1522048048197282756 with 16 workers on 16 cores with 10923MB heap and 64MB offheap memory [pid: 138890] (Linux 6.8.0-136-generic amd64, Ubuntu 21.0.11 64bit, MSBDiskFPSet, DiskStateQueue).
Parsing file /home/neo/RustroverProjects/resume-contract/formal/tla/ResumeContract.tla (file:/home/neo/RustroverProjects/resume-contract/formal/tla/independence_r8/../ResumeContract.tla)
Parsing file /tmp/tlc-17334103782769208541/Naturals.tla (jar:file:/home/neo/tla2tools.jar!/tla2sany/StandardModules/Naturals.tla)
Parsing file /tmp/tlc-17334103782769208541/Sequences.tla (jar:file:/home/neo/tla2tools.jar!/tla2sany/StandardModules/Sequences.tla)
Parsing file /tmp/tlc-17334103782769208541/_TLCTrace.tla (jar:file:/home/neo/tla2tools.jar!/tla2sany/StandardModules/_TLCTrace.tla)
Parsing file /tmp/tlc-17334103782769208541/TLC.tla (jar:file:/home/neo/tla2tools.jar!/tla2sany/StandardModules/TLC.tla)
Parsing file /tmp/tlc-17334103782769208541/TLCExt.tla (jar:file:/home/neo/tla2tools.jar!/tla2sany/StandardModules/TLCExt.tla)
Parsing file /tmp/tlc-17334103782769208541/FiniteSets.tla (jar:file:/home/neo/tla2tools.jar!/tla2sany/StandardModules/FiniteSets.tla)
Parsing file /tmp/tlc-17334103782769208541/Integers.tla (jar:file:/home/neo/tla2tools.jar!/tla2sany/StandardModules/Integers.tla)
Semantic processing of module Naturals
Semantic processing of module Sequences
Semantic processing of module FiniteSets
Semantic processing of module TLC
Semantic processing of module Integers
Semantic processing of module TLCExt
Semantic processing of module _TLCTrace
Semantic processing of module ResumeContract
Linting of module TLCExt
Linting of module _TLCTrace
Linting of module ResumeContract
Starting... (2026-07-25 20:40:29)
Computing initial states...
Finished computing initial states: 1 distinct state generated at 2026-07-25 20:40:29.
Error: Invariant PrefixConsistency is violated.
Error: The behavior up to this point is:
State 1: <Initial predicate>
/\ pcRegress = FALSE
/\ effects = <<0, 0, 0, 0, 0, 0, 0, 0, 0, 0>>
/\ consumedVal = NoVal
/\ extraResumes = 0
/\ frontier = 0
/\ crashes = 0
/\ waiting = FALSE
/\ forkVals = <<>>
/\ forkOuts = <<>>
/\ pc = 1
/\ ckpts = <<>>
/\ recHist = <<>>

State 2: <ExecTask line 114, col 3 to line 126, col 51 of module ResumeContract>
/\ pcRegress = FALSE
/\ effects = <<1, 0, 0, 0, 0, 0, 0, 0, 0, 0>>
/\ consumedVal = NoVal
/\ extraResumes = 0
/\ frontier = 1
/\ crashes = 0
/\ waiting = FALSE
/\ forkVals = <<>>
/\ forkOuts = <<>>
/\ pc = 2
/\ ckpts = <<[idx |-> 1, valid |-> TRUE]>>
/\ recHist = <<>>

State 3: <CrashRecover line 170, col 3 to line 188, col 64 of module ResumeContract>
/\ pcRegress = FALSE
/\ effects = <<1, 0, 0, 0, 0, 0, 0, 0, 0, 0>>
/\ consumedVal = NoVal
/\ extraResumes = 0
/\ frontier = 1
/\ crashes = 1
/\ waiting = FALSE
/\ forkVals = <<>>
/\ forkOuts = <<>>
/\ pc = 1
/\ ckpts = <<[idx |-> 1, valid |-> TRUE]>>
/\ recHist = <<[dur |-> 1, dec |-> "prefixreplay"]>>

State 4: <ExecTask line 114, col 3 to line 126, col 51 of module ResumeContract>
/\ pcRegress = TRUE
/\ effects = <<2, 0, 0, 0, 0, 0, 0, 0, 0, 0>>
/\ consumedVal = NoVal
/\ extraResumes = 0
/\ frontier = 1
/\ crashes = 1
/\ waiting = FALSE
/\ forkVals = <<>>
/\ forkOuts = <<>>
/\ pc = 2
/\ ckpts = <<[idx |-> 1, valid |-> TRUE], [idx |-> 1, valid |-> TRUE]>>
/\ recHist = <<[dur |-> 1, dec |-> "prefixreplay"]>>

455 states generated, 396 distinct states found, 289 states left on queue.
The depth of the complete state graph search is 12.
Finished in 00s at (2026-07-25 20:40:30)
Trace exploration spec path: ../ResumeContract_TTrace_1784994029.tla
