TLC2 Version 2026.04.09.014118 (rev: 389440f)
Running breadth-first search Model-Checking with fp 99 and seed 4017496807411361848 with 1 worker on 16 cores with 6857MB heap and 64MB offheap memory [pid: 34721] (Linux 6.8.0-137-generic amd64, Ubuntu 21.0.11 64bit, MSBDiskFPSet, DiskStateQueue).
Parsing file /home/neo/RustroverProjects/resume-contract/formal/tla/LangGraphFork.tla
Parsing file /tmp/tlc-9691859842776012164/Naturals.tla (jar:file:/home/neo/tla2tools.jar!/tla2sany/StandardModules/Naturals.tla)
Parsing file /tmp/tlc-9691859842776012164/Sequences.tla (jar:file:/home/neo/tla2tools.jar!/tla2sany/StandardModules/Sequences.tla)
Parsing file /tmp/tlc-9691859842776012164/_TLCTrace.tla (jar:file:/home/neo/tla2tools.jar!/tla2sany/StandardModules/_TLCTrace.tla)
Parsing file /tmp/tlc-9691859842776012164/TLC.tla (jar:file:/home/neo/tla2tools.jar!/tla2sany/StandardModules/TLC.tla)
Parsing file /tmp/tlc-9691859842776012164/TLCExt.tla (jar:file:/home/neo/tla2tools.jar!/tla2sany/StandardModules/TLCExt.tla)
Parsing file /tmp/tlc-9691859842776012164/FiniteSets.tla (jar:file:/home/neo/tla2tools.jar!/tla2sany/StandardModules/FiniteSets.tla)
Parsing file /tmp/tlc-9691859842776012164/Integers.tla (jar:file:/home/neo/tla2tools.jar!/tla2sany/StandardModules/Integers.tla)
Semantic processing of module Naturals
Semantic processing of module Sequences
Semantic processing of module FiniteSets
Semantic processing of module TLC
Semantic processing of module Integers
Semantic processing of module TLCExt
Semantic processing of module _TLCTrace
Semantic processing of module LangGraphFork
Linting of module TLCExt
Linting of module _TLCTrace
Linting of module LangGraphFork
Starting... (2026-08-08 14:47:36)
Computing initial states...
Finished computing initial states: 1 distinct state generated at 2026-08-08 14:47:37.
Error: Invariant ForkDeterminism is violated.
Error: The behavior up to this point is:
State 1: <Initial predicate>
/\ slot = NoWrite
/\ supplied = <<>>
/\ served = <<>>
/\ slots = <<NoWrite, NoWrite>>

State 2: <Invoke(va) line 32, col 3 to line 49, col 30 of module LangGraphFork>
/\ slot = va
/\ supplied = <<va>>
/\ served = <<va>>
/\ slots = <<NoWrite, NoWrite>>

State 3: <Invoke(vb) line 32, col 3 to line 49, col 30 of module LangGraphFork>
/\ slot = va
/\ supplied = <<va, vb>>
/\ served = <<va, va>>
/\ slots = <<NoWrite, NoWrite>>

5 states generated, 5 distinct states found, 2 states left on queue.
The depth of the complete state graph search is 3.
Finished in 00s at (2026-08-08 14:47:37)
Trace exploration spec path: ./LangGraphFork_TTrace_1786182456.tla
