TLC2 Version 2026.04.09.014118 (rev: 389440f)
Running breadth-first search Model-Checking with fp 47 and seed -1988350837835825361 with 1 worker on 16 cores with 6857MB heap and 64MB offheap memory [pid: 47054] (Linux 6.8.0-134-generic amd64, Ubuntu 21.0.11 64bit, MSBDiskFPSet, DiskStateQueue).
Parsing file /home/neo/RustroverProjects/resume-contract/formal/tla/ResumeContract.tla
Parsing file /tmp/tlc-3449618918255029504/Naturals.tla (jar:file:/home/neo/tla2tools.jar!/tla2sany/StandardModules/Naturals.tla)
Parsing file /tmp/tlc-3449618918255029504/Sequences.tla (jar:file:/home/neo/tla2tools.jar!/tla2sany/StandardModules/Sequences.tla)
Parsing file /tmp/tlc-3449618918255029504/_TLCTrace.tla (jar:file:/home/neo/tla2tools.jar!/tla2sany/StandardModules/_TLCTrace.tla)
Parsing file /tmp/tlc-3449618918255029504/TLC.tla (jar:file:/home/neo/tla2tools.jar!/tla2sany/StandardModules/TLC.tla)
Parsing file /tmp/tlc-3449618918255029504/TLCExt.tla (jar:file:/home/neo/tla2tools.jar!/tla2sany/StandardModules/TLCExt.tla)
Parsing file /tmp/tlc-3449618918255029504/FiniteSets.tla (jar:file:/home/neo/tla2tools.jar!/tla2sany/StandardModules/FiniteSets.tla)
Parsing file /tmp/tlc-3449618918255029504/Integers.tla (jar:file:/home/neo/tla2tools.jar!/tla2sany/StandardModules/Integers.tla)
Semantic processing of module Naturals
Semantic processing of module Sequences
Semantic processing of module FiniteSets
Semantic processing of module TLC
Semantic processing of module Integers
Semantic processing of module TLCExt
Semantic processing of module _TLCTrace
Semantic processing of module ResumeContract
Linting of module TLCExt
Linting of module _TLCTrace
Linting of module ResumeContract
Starting... (2026-07-17 12:24:03)
Computing initial states...
Finished computing initial states: 1 distinct state generated at 2026-07-17 12:24:04.
Error: Invariant EffectExactlyOnce is violated.
Error: The behavior up to this point is:
State 1: <Initial predicate>
/\ pcRegress = FALSE
/\ effects = <<0, 0, 0>>
/\ consumedVal = NoVal
/\ extraResumes = 0
/\ frontier = 0
/\ crashes = 0
/\ waiting = FALSE
/\ forkVals = <<>>
/\ forkOuts = <<>>
/\ pc = 1
/\ ckpts = <<>>
/\ recHist = <<>>

State 2: <ExecTask line 101, col 3 to line 112, col 51 of module ResumeContract>
/\ pcRegress = FALSE
/\ effects = <<1, 0, 0>>
/\ consumedVal = NoVal
/\ extraResumes = 0
/\ frontier = 1
/\ crashes = 0
/\ waiting = FALSE
/\ forkVals = <<>>
/\ forkOuts = <<>>
/\ pc = 2
/\ ckpts = <<[idx |-> 1, valid |-> TRUE]>>
/\ recHist = <<>>

State 3: <CrashRecover line 156, col 3 to line 171, col 64 of module ResumeContract>
/\ pcRegress = FALSE
/\ effects = <<1, 0, 0>>
/\ consumedVal = NoVal
/\ extraResumes = 0
/\ frontier = 1
/\ crashes = 1
/\ waiting = FALSE
/\ forkVals = <<>>
/\ forkOuts = <<>>
/\ pc = 1
/\ ckpts = <<[idx |-> 1, valid |-> TRUE]>>
/\ recHist = <<[dur |-> 1, dec |-> "replay"]>>

State 4: <ExecTask line 101, col 3 to line 112, col 51 of module ResumeContract>
/\ pcRegress = TRUE
/\ effects = <<2, 0, 0>>
/\ consumedVal = NoVal
/\ extraResumes = 0
/\ frontier = 1
/\ crashes = 1
/\ waiting = FALSE
/\ forkVals = <<>>
/\ forkOuts = <<>>
/\ pc = 2
/\ ckpts = <<[idx |-> 1, valid |-> TRUE], [idx |-> 1, valid |-> TRUE]>>
/\ recHist = <<[dur |-> 1, dec |-> "replay"]>>

7 states generated, 7 distinct states found, 2 states left on queue.
The depth of the complete state graph search is 4.
Finished in 00s at (2026-07-17 12:24:04)
Trace exploration spec path: ./ResumeContract_TTrace_1784273043.tla
