TLC2 Version 2026.04.09.014118 (rev: 389440f)
Running breadth-first search Model-Checking with fp 38 and seed -7279608373192320016 with 1 worker on 16 cores with 6857MB heap and 64MB offheap memory [pid: 61933] (Linux 6.8.0-137-generic amd64, Ubuntu 21.0.11 64bit, MSBDiskFPSet, DiskStateQueue).
Parsing file /home/neo/RustroverProjects/resume-contract/formal/tla/R10_Separations.tla
Parsing file /tmp/tlc-17151526935469693685/Naturals.tla (jar:file:/home/neo/tla2tools.jar!/tla2sany/StandardModules/Naturals.tla)
Parsing file /tmp/tlc-17151526935469693685/Sequences.tla (jar:file:/home/neo/tla2tools.jar!/tla2sany/StandardModules/Sequences.tla)
Parsing file /tmp/tlc-17151526935469693685/_TLCTrace.tla (jar:file:/home/neo/tla2tools.jar!/tla2sany/StandardModules/_TLCTrace.tla)
Parsing file /tmp/tlc-17151526935469693685/TLC.tla (jar:file:/home/neo/tla2tools.jar!/tla2sany/StandardModules/TLC.tla)
Parsing file /tmp/tlc-17151526935469693685/TLCExt.tla (jar:file:/home/neo/tla2tools.jar!/tla2sany/StandardModules/TLCExt.tla)
Parsing file /tmp/tlc-17151526935469693685/FiniteSets.tla (jar:file:/home/neo/tla2tools.jar!/tla2sany/StandardModules/FiniteSets.tla)
Parsing file /tmp/tlc-17151526935469693685/Integers.tla (jar:file:/home/neo/tla2tools.jar!/tla2sany/StandardModules/Integers.tla)
Semantic processing of module Naturals
Semantic processing of module Sequences
Semantic processing of module FiniteSets
Semantic processing of module TLC
Semantic processing of module Integers
Semantic processing of module TLCExt
Semantic processing of module _TLCTrace
Semantic processing of module R10_Separations
Linting of module TLCExt
Linting of module _TLCTrace
Linting of module R10_Separations
Starting... (2026-08-06 23:32:05)
Computing initial states...
Finished computing initial states: 1 distinct state generated at 2026-08-06 23:32:05.
Error: Invariant PrefixConsistency is violated.
Error: The behavior up to this point is:
State 1: <Initial predicate>
/\ pcRegress = FALSE
/\ effects = <<0, 0, 0>>
/\ consumedVal = NoVal
/\ lineage = "log"
/\ replaying = FALSE
/\ extraResumes = 0
/\ frontier = 0
/\ crashes = 0
/\ waiting = FALSE
/\ forkVals = <<>>
/\ forkOuts = <<>>
/\ pc = 1
/\ ckpts = <<>>
/\ recHist = <<>>

State 2: <ExecTask line 108, col 3 to line 118, col 71 of module R10_Separations>
/\ pcRegress = FALSE
/\ effects = <<1, 0, 0>>
/\ consumedVal = NoVal
/\ lineage = "log"
/\ replaying = FALSE
/\ extraResumes = 0
/\ frontier = 1
/\ crashes = 0
/\ waiting = FALSE
/\ forkVals = <<>>
/\ forkOuts = <<>>
/\ pc = 2
/\ ckpts = <<[idx |-> 1, valid |-> TRUE]>>
/\ recHist = <<>>

State 3: <CrashRecover line 222, col 3 to line 232, col 44 of module R10_Separations>
/\ pcRegress = FALSE
/\ effects = <<1, 0, 0>>
/\ consumedVal = NoVal
/\ lineage = "initial"
/\ replaying = TRUE
/\ extraResumes = 0
/\ frontier = 1
/\ crashes = 1
/\ waiting = FALSE
/\ forkVals = <<>>
/\ forkOuts = <<>>
/\ pc = 1
/\ ckpts = <<[idx |-> 1, valid |-> TRUE]>>
/\ recHist = <<[dur |-> 1, dec |-> "rebuild"]>>

4 states generated, 4 distinct states found, 1 states left on queue.
The depth of the complete state graph search is 3.
Finished in 00s at (2026-08-06 23:32:05)
Trace exploration spec path: ./R10_Separations_TTrace_1786041125.tla
