╭──────────────────────────────────────────────────────────────────────────────────── 🌊 Flow Execution ─────────────────────────────────────────────────────────────────────────────────────╮
│                                                                                                                                                                                            │
│  Starting Flow Execution                                                                                                                                                                   │
│  Name: F                                                                                                                                                                                   │
│  ID: 17941786-b9a9-45c3-876e-58e42886d715                                                                                                                                                  │
│                                                                                                                                                                                            │
│                                                                                                                                                                                            │
╰────────────────────────────────────────────────────────────────────────────────────────────────────────────────────────────────────────────────────────────────────────────────────────────╯

╭───────────────────────────────────────────────────────────────────────────────────── 🌊 Flow Started ──────────────────────────────────────────────────────────────────────────────────────╮
│                                                                                                                                                                                            │
│  Flow Started                                                                                                                                                                              │
│  Name: F                                                                                                                                                                                   │
│  ID: 17941786-b9a9-45c3-876e-58e42886d715                                                                                                                                                  │
│                                                                                                                                                                                            │
│                                                                                                                                                                                            │
╰────────────────────────────────────────────────────────────────────────────────────────────────────────────────────────────────────────────────────────────────────────────────────────────╯

╭────────────────────────────────────────────────────────────────────────────────── 🔄 Flow Method Running ──────────────────────────────────────────────────────────────────────────────────╮
│                                                                                                                                                                                            │
│  Method: s1                                                                                                                                                                                │
│  Status: Running                                                                                                                                                                           │
│                                                                                                                                                                                            │
│                                                                                                                                                                                            │
╰────────────────────────────────────────────────────────────────────────────────────────────────────────────────────────────────────────────────────────────────────────────────────────────╯

╭───────────────────────────────────────────────────────────────────────────────── ✅ Flow Method Completed ─────────────────────────────────────────────────────────────────────────────────╮
│                                                                                                                                                                                            │
│  Method: s1                                                                                                                                                                                │
│  Status: Completed                                                                                                                                                                         │
│                                                                                                                                                                                            │
│                                                                                                                                                                                            │
╰────────────────────────────────────────────────────────────────────────────────────────────────────────────────────────────────────────────────────────────────────────────────────────────╯

╭────────────────────────────────────────────────────────────────────────────────── 🔄 Flow Method Running ──────────────────────────────────────────────────────────────────────────────────╮
│                                                                                                                                                                                            │
│  Method: s2                                                                                                                                                                                │
│  Status: Running                                                                                                                                                                           │
│                                                                                                                                                                                            │
│                                                                                                                                                                                            │
╰────────────────────────────────────────────────────────────────────────────────────────────────────────────────────────────────────────────────────────────────────────────────────────────╯

╭───────────────────────────────────────────────────────────────────────────────── ✅ Flow Method Completed ─────────────────────────────────────────────────────────────────────────────────╮
│                                                                                                                                                                                            │
│  Method: s2                                                                                                                                                                                │
│  Status: Completed                                                                                                                                                                         │
│                                                                                                                                                                                            │
│                                                                                                                                                                                            │
╰────────────────────────────────────────────────────────────────────────────────────────────────────────────────────────────────────────────────────────────────────────────────────────────╯

╭──────────────────────────────────────────────────────────────────────────────────── ✅ Flow Completion ────────────────────────────────────────────────────────────────────────────────────╮
│                                                                                                                                                                                            │
│  Flow Execution Completed                                                                                                                                                                  │
│  Name: F                                                                                                                                                                                   │
│  ID: 17941786-b9a9-45c3-876e-58e42886d715                                                                                                                                                  │
│                                                                                                                                                                                            │
│                                                                                                                                                                                            │
╰────────────────────────────────────────────────────────────────────────────────────────────────────────────────────────────────────────────────────────────────────────────────────────────╯

╭──────────────────────────────────────────────────────────────────────────────────── 🌊 Flow Execution ─────────────────────────────────────────────────────────────────────────────────────╮
│                                                                                                                                                                                            │
│  Starting Flow Execution                                                                                                                                                                   │
│  Name: F                                                                                                                                                                                   │
│  ID: 18ce81c1-a948-492e-acf5-566225b70ef0                                                                                                                                                  │
│                                                                                                                                                                                            │
│                                                                                                                                                                                            │
╰────────────────────────────────────────────────────────────────────────────────────────────────────────────────────────────────────────────────────────────────────────────────────────────╯

╭───────────────────────────────────────────────────────────────────────────────────── 🌊 Flow Started ──────────────────────────────────────────────────────────────────────────────────────╮
│                                                                                                                                                                                            │
│  Flow Started                                                                                                                                                                              │
│  Name: F                                                                                                                                                                                   │
│  ID: 18ce81c1-a948-492e-acf5-566225b70ef0                                                                                                                                                  │
│                                                                                                                                                                                            │
│                                                                                                                                                                                            │
╰────────────────────────────────────────────────────────────────────────────────────────────────────────────────────────────────────────────────────────────────────────────────────────────╯

╭────────────────────────────────────────────────────────────────────────────────── 🔄 Flow Method Running ──────────────────────────────────────────────────────────────────────────────────╮
│                                                                                                                                                                                            │
│  Method: s1                                                                                                                                                                                │
│  Status: Running                                                                                                                                                                           │
│                                                                                                                                                                                            │
│                                                                                                                                                                                            │
╰────────────────────────────────────────────────────────────────────────────────────────────────────────────────────────────────────────────────────────────────────────────────────────────╯

╭───────────────────────────────────────────────────────────────────────────────── ✅ Flow Method Completed ─────────────────────────────────────────────────────────────────────────────────╮
│                                                                                                                                                                                            │
│  Method: s1                                                                                                                                                                                │
│  Status: Completed                                                                                                                                                                         │
│                                                                                                                                                                                            │
│                                                                                                                                                                                            │
╰────────────────────────────────────────────────────────────────────────────────────────────────────────────────────────────────────────────────────────────────────────────────────────────╯

╭────────────────────────────────────────────────────────────────────────────────── 🔄 Flow Method Running ──────────────────────────────────────────────────────────────────────────────────╮
│                                                                                                                                                                                            │
│  Method: s2                                                                                                                                                                                │
│  Status: Running                                                                                                                                                                           │
│                                                                                                                                                                                            │
│                                                                                                                                                                                            │
╰────────────────────────────────────────────────────────────────────────────────────────────────────────────────────────────────────────────────────────────────────────────────────────────╯

╭────────────────────────────────────────────────────────────────────────────────── ❌ Flow Method Failed ───────────────────────────────────────────────────────────────────────────────────╮
│                                                                                                                                                                                            │
│  Method: s2                                                                                                                                                                                │
│  Status: Failed                                                                                                                                                                            │
│                                                                                                                                                                                            │
│                                                                                                                                                                                            │
╰────────────────────────────────────────────────────────────────────────────────────────────────────────────────────────────────────────────────────────────────────────────────────────────╯

╭──────────────────────────────────────────────────────────────────────────────────── 🌊 Flow Execution ─────────────────────────────────────────────────────────────────────────────────────╮
│                                                                                                                                                                                            │
│  Starting Flow Execution                                                                                                                                                                   │
│  Name: F                                                                                                                                                                                   │
│  ID: be9689db-8a65-4384-8c85-7a9dc24c5b2c                                                                                                                                                  │
│                                                                                                                                                                                            │
│                                                                                                                                                                                            │
╰────────────────────────────────────────────────────────────────────────────────────────────────────────────────────────────────────────────────────────────────────────────────────────────╯

╭───────────────────────────────────────────────────────────────────────────────────── 🌊 Flow Started ──────────────────────────────────────────────────────────────────────────────────────╮
│                                                                                                                                                                                            │
│  Flow Started                                                                                                                                                                              │
│  Name: F                                                                                                                                                                                   │
│  ID: be9689db-8a65-4384-8c85-7a9dc24c5b2c                                                                                                                                                  │
│                                                                                                                                                                                            │
│                                                                                                                                                                                            │
╰────────────────────────────────────────────────────────────────────────────────────────────────────────────────────────────────────────────────────────────────────────────────────────────╯

╭────────────────────────────────────────────────────────────────────────────────── 🔄 Flow Method Running ──────────────────────────────────────────────────────────────────────────────────╮
│                                                                                                                                                                                            │
│  Method: s1                                                                                                                                                                                │
│  Status: Running                                                                                                                                                                           │
│                                                                                                                                                                                            │
│                                                                                                                                                                                            │
╰────────────────────────────────────────────────────────────────────────────────────────────────────────────────────────────────────────────────────────────────────────────────────────────╯

╭───────────────────────────────────────────────────────────────────────────────── ✅ Flow Method Completed ─────────────────────────────────────────────────────────────────────────────────╮
│                                                                                                                                                                                            │
│  Method: s1                                                                                                                                                                                │
│  Status: Completed                                                                                                                                                                         │
│                                                                                                                                                                                            │
│                                                                                                                                                                                            │
╰────────────────────────────────────────────────────────────────────────────────────────────────────────────────────────────────────────────────────────────────────────────────────────────╯

╭────────────────────────────────────────────────────────────────────────────────── 🔄 Flow Method Running ──────────────────────────────────────────────────────────────────────────────────╮
│                                                                                                                                                                                            │
│  Method: s2                                                                                                                                                                                │
│  Status: Running                                                                                                                                                                           │
│                                                                                                                                                                                            │
│                                                                                                                                                                                            │
╰────────────────────────────────────────────────────────────────────────────────────────────────────────────────────────────────────────────────────────────────────────────────────────────╯

╭───────────────────────────────────────────────────────────────────────────────── ✅ Flow Method Completed ─────────────────────────────────────────────────────────────────────────────────╮
│                                                                                                                                                                                            │
│  Method: s2                                                                                                                                                                                │
│  Status: Completed                                                                                                                                                                         │
│                                                                                                                                                                                            │
│                                                                                                                                                                                            │
╰────────────────────────────────────────────────────────────────────────────────────────────────────────────────────────────────────────────────────────────────────────────────────────────╯

╭──────────────────────────────────────────────────────────────────────────────────── ✅ Flow Completion ────────────────────────────────────────────────────────────────────────────────────╮
│                                                                                                                                                                                            │
│  Flow Execution Completed                                                                                                                                                                  │
│  Name: F                                                                                                                                                                                   │
│  ID: be9689db-8a65-4384-8c85-7a9dc24c5b2c                                                                                                                                                  │
│                                                                                                                                                                                            │
│                                                                                                                                                                                            │
╰────────────────────────────────────────────────────────────────────────────────────────────────────────────────────────────────────────────────────────────────────────────────────────────╯

{
  "crewai_version": "1.15.5",
  "checkpoints_written_documented_event": 2,
  "silent_noop_documented_event": false,
  "violation_silent_noop_documented_event": false,
  "first_run": "crashed as planned: RuntimeError",
  "counter_at_crash": 1,
  "n_checkpoints": 6,
  "resume_error": null,
  "counter_after_resume": 11,
  "s1_execs_total": 2,
  "s2_execs_total": 1,
  "expected_counter_if_docs_hold": 11,
  "violation_doc_vs_behavior_completed_work_rerun": true
}
