╭──────────────────────────────────────────────────────────────────────────────────── 🌊 Flow Execution ─────────────────────────────────────────────────────────────────────────────────────╮
│                                                                                                                                                                                            │
│  Starting Flow Execution                                                                                                                                                                   │
│  Name: F                                                                                                                                                                                   │
│  ID: db4ce989-5f9e-4dab-9076-ef0a33897a49                                                                                                                                                  │
│                                                                                                                                                                                            │
│                                                                                                                                                                                            │
╰────────────────────────────────────────────────────────────────────────────────────────────────────────────────────────────────────────────────────────────────────────────────────────────╯

╭───────────────────────────────────────────────────────────────────────────────────── 🌊 Flow Started ──────────────────────────────────────────────────────────────────────────────────────╮
│                                                                                                                                                                                            │
│  Flow Started                                                                                                                                                                              │
│  Name: F                                                                                                                                                                                   │
│  ID: db4ce989-5f9e-4dab-9076-ef0a33897a49                                                                                                                                                  │
│                                                                                                                                                                                            │
│                                                                                                                                                                                            │
╰────────────────────────────────────────────────────────────────────────────────────────────────────────────────────────────────────────────────────────────────────────────────────────────╯

╭────────────────────────────────────────────────────────────────────────────────── 🔄 Flow Method Running ──────────────────────────────────────────────────────────────────────────────────╮
│                                                                                                                                                                                            │
│  Method: s1                                                                                                                                                                                │
│  Status: Running                                                                                                                                                                           │
│                                                                                                                                                                                            │
│                                                                                                                                                                                            │
╰────────────────────────────────────────────────────────────────────────────────────────────────────────────────────────────────────────────────────────────────────────────────────────────╯

╭────────────────────────────────────────────────────────────────────────────────── 🔄 Flow Method Running ──────────────────────────────────────────────────────────────────────────────────╮
│                                                                                                                                                                                            │
│  Method: s2                                                                                                                                                                                │
│  Status: Running                                                                                                                                                                           │
│                                                                                                                                                                                            │
│                                                                                                                                                                                            │
╰────────────────────────────────────────────────────────────────────────────────────────────────────────────────────────────────────────────────────────────────────────────────────────────╯

╭───────────────────────────────────────────────────────────────────────────────── ✅ Flow Method Completed ─────────────────────────────────────────────────────────────────────────────────╮
│                                                                                                                                                                                            │
│  Method: s1                                                                                                                                                                                │
│  Status: Completed                                                                                                                                                                         │
│                                                                                                                                                                                            │
│                                                                                                                                                                                            │
╰────────────────────────────────────────────────────────────────────────────────────────────────────────────────────────────────────────────────────────────────────────────────────────────╯

╭───────────────────────────────────────────────────────────────────────────────── ✅ Flow Method Completed ─────────────────────────────────────────────────────────────────────────────────╮
│                                                                                                                                                                                            │
│  Method: s2                                                                                                                                                                                │
│  Status: Completed                                                                                                                                                                         │
│                                                                                                                                                                                            │
│                                                                                                                                                                                            │
╰────────────────────────────────────────────────────────────────────────────────────────────────────────────────────────────────────────────────────────────────────────────────────────────╯

╭──────────────────────────────────────────────────────────────────────────────────── ✅ Flow Completion ────────────────────────────────────────────────────────────────────────────────────╮
│                                                                                                                                                                                            │
│  Flow Execution Completed                                                                                                                                                                  │
│  Name: F                                                                                                                                                                                   │
│  ID: db4ce989-5f9e-4dab-9076-ef0a33897a49                                                                                                                                                  │
│                                                                                                                                                                                            │
│                                                                                                                                                                                            │
╰────────────────────────────────────────────────────────────────────────────────────────────────────────────────────────────────────────────────────────────────────────────────────────────╯

╭──────────────────────────────────────────────────────────────────────────────────── 🌊 Flow Execution ─────────────────────────────────────────────────────────────────────────────────────╮
│                                                                                                                                                                                            │
│  Starting Flow Execution                                                                                                                                                                   │
│  Name: F                                                                                                                                                                                   │
│  ID: 753dec38-ec81-470f-853c-a4b4f528925f                                                                                                                                                  │
│                                                                                                                                                                                            │
│                                                                                                                                                                                            │
╰────────────────────────────────────────────────────────────────────────────────────────────────────────────────────────────────────────────────────────────────────────────────────────────╯

╭───────────────────────────────────────────────────────────────────────────────────── 🌊 Flow Started ──────────────────────────────────────────────────────────────────────────────────────╮
│                                                                                                                                                                                            │
│  Flow Started                                                                                                                                                                              │
│  Name: F                                                                                                                                                                                   │
│  ID: 753dec38-ec81-470f-853c-a4b4f528925f                                                                                                                                                  │
│                                                                                                                                                                                            │
│                                                                                                                                                                                            │
╰────────────────────────────────────────────────────────────────────────────────────────────────────────────────────────────────────────────────────────────────────────────────────────────╯

╭────────────────────────────────────────────────────────────────────────────────── 🔄 Flow Method Running ──────────────────────────────────────────────────────────────────────────────────╮
│                                                                                                                                                                                            │
│  Method: s1                                                                                                                                                                                │
│  Status: Running                                                                                                                                                                           │
│                                                                                                                                                                                            │
│                                                                                                                                                                                            │
╰────────────────────────────────────────────────────────────────────────────────────────────────────────────────────────────────────────────────────────────────────────────────────────────╯

╭────────────────────────────────────────────────────────────────────────────────── 🔄 Flow Method Running ──────────────────────────────────────────────────────────────────────────────────╮
│                                                                                                                                                                                            │
│  Method: s2                                                                                                                                                                                │
│  Status: Running                                                                                                                                                                           │
│                                                                                                                                                                                            │
│                                                                                                                                                                                            │
╰────────────────────────────────────────────────────────────────────────────────────────────────────────────────────────────────────────────────────────────────────────────────────────────╯
╭────────────────────────────────────────────────────────────────────────────────── ❌ Flow Method Failed ───────────────────────────────────────────────────────────────────────────────────╮
│                                                                                                                                                                                            │
│  Method: s2                                                                                                                                                                                │
│  Status: Failed                                                                                                                                                                            │
│                                                                                                                                                                                            │
│                                                                                                                                                                                            │
╰────────────────────────────────────────────────────────────────────────────────────────────────────────────────────────────────────────────────────────────────────────────────────────────╯


[CrewAIEventsBus] Handler exception during flush: dictionary changed size during iteration
╭──────────────────────────────────────────────────────────────────────────────────── 🌊 Flow Execution ─────────────────────────────────────────────────────────────────────────────────────╮
│                                                                                                                                                                                            │
│  Starting Flow Execution                                                                                                                                                                   │
│  Name: F                                                                                                                                                                                   │
│  ID: a32f8069-ab20-4be2-b7e4-f019986532b8                                                                                                                                                  │
│                                                                                                                                                                                            │
│                                                                                                                                                                                            │
╰────────────────────────────────────────────────────────────────────────────────────────────────────────────────────────────────────────────────────────────────────────────────────────────╯

╭───────────────────────────────────────────────────────────────────────────────────── 🌊 Flow Started ──────────────────────────────────────────────────────────────────────────────────────╮
│                                                                                                                                                                                            │
│  Flow Started                                                                                                                                                                              │
│  Name: F                                                                                                                                                                                   │
│  ID: a32f8069-ab20-4be2-b7e4-f019986532b8                                                                                                                                                  │
│                                                                                                                                                                                            │
│                                                                                                                                                                                            │
╰────────────────────────────────────────────────────────────────────────────────────────────────────────────────────────────────────────────────────────────────────────────────────────────╯

╭────────────────────────────────────────────────────────────────────────────────── 🔄 Flow Method Running ──────────────────────────────────────────────────────────────────────────────────╮
│                                                                                                                                                                                            │
│  Method: s1                                                                                                                                                                                │
│  Status: Running                                                                                                                                                                           │
│                                                                                                                                                                                            │
│                                                                                                                                                                                            │
╰────────────────────────────────────────────────────────────────────────────────────────────────────────────────────────────────────────────────────────────────────────────────────────────╯

╭───────────────────────────────────────────────────────────────────────────────── ✅ Flow Method Completed ─────────────────────────────────────────────────────────────────────────────────╮
│                                                                                                                                                                                            │
│  Method: s1                                                                                                                                                                                │
│  Status: Completed                                                                                                                                                                         │
│                                                                                                                                                                                            │
│                                                                                                                                                                                            │
╰────────────────────────────────────────────────────────────────────────────────────────────────────────────────────────────────────────────────────────────────────────────────────────────╯

╭────────────────────────────────────────────────────────────────────────────────── 🔄 Flow Method Running ──────────────────────────────────────────────────────────────────────────────────╮
│                                                                                                                                                                                            │
│  Method: s2                                                                                                                                                                                │
│  Status: Running                                                                                                                                                                           │
│                                                                                                                                                                                            │
│                                                                                                                                                                                            │
╰────────────────────────────────────────────────────────────────────────────────────────────────────────────────────────────────────────────────────────────────────────────────────────────╯

╭───────────────────────────────────────────────────────────────────────────────── ✅ Flow Method Completed ─────────────────────────────────────────────────────────────────────────────────╮
│                                                                                                                                                                                            │
│  Method: s2                                                                                                                                                                                │
│  Status: Completed                                                                                                                                                                         │
│                                                                                                                                                                                            │
│                                                                                                                                                                                            │
╰────────────────────────────────────────────────────────────────────────────────────────────────────────────────────────────────────────────────────────────────────────────────────────────╯

╭──────────────────────────────────────────────────────────────────────────────────── ✅ Flow Completion ────────────────────────────────────────────────────────────────────────────────────╮
│                                                                                                                                                                                            │
│  Flow Execution Completed                                                                                                                                                                  │
│  Name: F                                                                                                                                                                                   │
│  ID: a32f8069-ab20-4be2-b7e4-f019986532b8                                                                                                                                                  │
│                                                                                                                                                                                            │
│                                                                                                                                                                                            │
╰────────────────────────────────────────────────────────────────────────────────────────────────────────────────────────────────────────────────────────────────────────────────────────────╯

{
  "crewai_version": "1.15.6",
  "checkpoints_written_documented_event": 2,
  "silent_noop_documented_event": false,
  "violation_silent_noop_documented_event": false,
  "first_run": "crashed as planned: RuntimeError",
  "counter_at_crash": 1,
  "n_checkpoints": 5,
  "resume_error": null,
  "counter_after_resume": 11,
  "s1_execs_total": 2,
  "s2_execs_total": 1,
  "expected_counter_if_docs_hold": 11,
  "violation_doc_vs_behavior_completed_work_rerun": true
}
