TLC2 Version 2026.04.09.014118 (rev: 389440f)
Warning: Please run the Java VM, which executes TLC with a throughput optimized garbage collector, by passing the "-XX:+UseParallelGC" property.
(Use the -nowarning option to disable this warning.)
Running breadth-first search Model-Checking with fp 45 and seed -472576119671576848 with 1 worker on 16 cores with 7716MB heap and 64MB offheap memory [pid: 33453] (Linux 6.8.0-137-generic amd64, Ubuntu 21.0.11 64bit, MSBDiskFPSet, DiskStateQueue).
Parsing file /home/neo/RustroverProjects/resume-contract/formal/tla/ResumeContract.tla (file:/home/neo/RustroverProjects/resume-contract/formal/tla/independence_ref_rerun/../ResumeContract.tla)
Parsing file /tmp/tlc-8472765611815882236/Naturals.tla (jar:file:/home/neo/tla2tools.jar!/tla2sany/StandardModules/Naturals.tla)
Parsing file /tmp/tlc-8472765611815882236/Sequences.tla (jar:file:/home/neo/tla2tools.jar!/tla2sany/StandardModules/Sequences.tla)
Parsing file /tmp/tlc-8472765611815882236/_TLCTrace.tla (jar:file:/home/neo/tla2tools.jar!/tla2sany/StandardModules/_TLCTrace.tla)
Parsing file /tmp/tlc-8472765611815882236/TLC.tla (jar:file:/home/neo/tla2tools.jar!/tla2sany/StandardModules/TLC.tla)
Parsing file /tmp/tlc-8472765611815882236/TLCExt.tla (jar:file:/home/neo/tla2tools.jar!/tla2sany/StandardModules/TLCExt.tla)
Parsing file /tmp/tlc-8472765611815882236/FiniteSets.tla (jar:file:/home/neo/tla2tools.jar!/tla2sany/StandardModules/FiniteSets.tla)
Parsing file /tmp/tlc-8472765611815882236/Integers.tla (jar:file:/home/neo/tla2tools.jar!/tla2sany/StandardModules/Integers.tla)
Semantic processing of module Naturals
Semantic processing of module Sequences
Semantic processing of module FiniteSets
Semantic processing of module TLC
Semantic processing of module Integers
Semantic processing of module TLCExt
Semantic processing of module _TLCTrace
Semantic processing of module ResumeContract
Linting of module TLCExt
Linting of module _TLCTrace
Linting of module ResumeContract
Starting... (2026-08-06 20:01:50)
Computing initial states...
Finished computing initial states: 1 distinct state generated at 2026-08-06 20:01:50.
Error: Invariant ForkDeterminism is violated.
Error: The behavior up to this point is:
State 1: <Initial predicate>
/\ pcRegress = FALSE
/\ effects = <<0, 0, 0>>
/\ consumedVal = NoVal
/\ extraResumes = 0
/\ frontier = 0
/\ crashes = 0
/\ waiting = FALSE
/\ forkVals = <<>>
/\ forkOuts = <<>>
/\ pc = 1
/\ ckpts = <<>>
/\ recHist = <<>>

State 2: <ExecTask line 63, col 3 to line 75, col 51 of module ResumeContract>
/\ pcRegress = FALSE
/\ effects = <<1, 0, 0>>
/\ consumedVal = NoVal
/\ extraResumes = 0
/\ frontier = 1
/\ crashes = 0
/\ waiting = FALSE
/\ forkVals = <<>>
/\ forkOuts = <<>>
/\ pc = 2
/\ ckpts = <<[idx |-> 1, valid |-> TRUE]>>
/\ recHist = <<>>

State 3: <EmitInterrupt line 78, col 3 to line 83, col 72 of module ResumeContract>
/\ pcRegress = FALSE
/\ effects = <<1, 0, 0>>
/\ consumedVal = NoVal
/\ extraResumes = 0
/\ frontier = 1
/\ crashes = 0
/\ waiting = TRUE
/\ forkVals = <<>>
/\ forkOuts = <<>>
/\ pc = 2
/\ ckpts = <<[idx |-> 1, valid |-> TRUE]>>
/\ recHist = <<>>

State 4: <Consume(va) line 86, col 3 to line 96, col 62 of module ResumeContract>
/\ pcRegress = FALSE
/\ effects = <<1, 1, 0>>
/\ consumedVal = va
/\ extraResumes = 0
/\ frontier = 2
/\ crashes = 0
/\ waiting = FALSE
/\ forkVals = <<va>>
/\ forkOuts = <<<<va>>>>
/\ pc = 3
/\ ckpts = <<[idx |-> 1, valid |-> TRUE], [idx |-> 2, valid |-> TRUE]>>
/\ recHist = <<>>

State 5: <ForkResume(vb) line 99, col 3 to line 105, col 62 of module ResumeContract>
/\ pcRegress = FALSE
/\ effects = <<1, 1, 0>>
/\ consumedVal = va
/\ extraResumes = 0
/\ frontier = 2
/\ crashes = 0
/\ waiting = FALSE
/\ forkVals = <<va, vb>>
/\ forkOuts = <<<<va>>, <<va>>>>
/\ pc = 3
/\ ckpts = <<[idx |-> 1, valid |-> TRUE], [idx |-> 2, valid |-> TRUE]>>
/\ recHist = <<>>

10 states generated, 10 distinct states found, 4 states left on queue.
The depth of the complete state graph search is 5.
Finished in 00s at (2026-08-06 20:01:50)
Trace exploration spec path: ../ResumeContract_TTrace_1786028509.tla
