TLC2 Version 2026.04.09.014118 (rev: 389440f)
Warning: Please run the Java VM, which executes TLC with a throughput optimized garbage collector, by passing the "-XX:+UseParallelGC" property.
(Use the -nowarning option to disable this warning.)
Running breadth-first search Model-Checking with fp 55 and seed 5758239064753664580 with 1 worker on 16 cores with 7716MB heap and 64MB offheap memory [pid: 33316] (Linux 6.8.0-137-generic amd64, Ubuntu 21.0.11 64bit, MSBDiskFPSet, DiskStateQueue).
Parsing file /home/neo/RustroverProjects/resume-contract/formal/tla/ResumeContract.tla (file:/home/neo/RustroverProjects/resume-contract/formal/tla/independence_r8/../ResumeContract.tla)
Parsing file /tmp/tlc-5129035295581785371/Naturals.tla (jar:file:/home/neo/tla2tools.jar!/tla2sany/StandardModules/Naturals.tla)
Parsing file /tmp/tlc-5129035295581785371/Sequences.tla (jar:file:/home/neo/tla2tools.jar!/tla2sany/StandardModules/Sequences.tla)
Parsing file /tmp/tlc-5129035295581785371/_TLCTrace.tla (jar:file:/home/neo/tla2tools.jar!/tla2sany/StandardModules/_TLCTrace.tla)
Parsing file /tmp/tlc-5129035295581785371/TLC.tla (jar:file:/home/neo/tla2tools.jar!/tla2sany/StandardModules/TLC.tla)
Parsing file /tmp/tlc-5129035295581785371/TLCExt.tla (jar:file:/home/neo/tla2tools.jar!/tla2sany/StandardModules/TLCExt.tla)
Parsing file /tmp/tlc-5129035295581785371/FiniteSets.tla (jar:file:/home/neo/tla2tools.jar!/tla2sany/StandardModules/FiniteSets.tla)
Parsing file /tmp/tlc-5129035295581785371/Integers.tla (jar:file:/home/neo/tla2tools.jar!/tla2sany/StandardModules/Integers.tla)
Semantic processing of module Naturals
Semantic processing of module Sequences
Semantic processing of module FiniteSets
Semantic processing of module TLC
Semantic processing of module Integers
Semantic processing of module TLCExt
Semantic processing of module _TLCTrace
Semantic processing of module ResumeContract
Linting of module TLCExt
Linting of module _TLCTrace
Linting of module ResumeContract
Starting... (2026-08-06 20:01:27)
Computing initial states...
Finished computing initial states: 1 distinct state generated at 2026-08-06 20:01:27.
Error: Invariant ConsumeOnce is violated.
Error: The behavior up to this point is:
State 1: <Initial predicate>
/\ pcRegress = FALSE
/\ effects = <<0, 0, 0, 0, 0, 0, 0, 0, 0, 0>>
/\ consumedVal = NoVal
/\ extraResumes = 0
/\ frontier = 0
/\ crashes = 0
/\ waiting = FALSE
/\ forkVals = <<>>
/\ forkOuts = <<>>
/\ pc = 1
/\ ckpts = <<>>
/\ recHist = <<>>

State 2: <ExecTask line 63, col 3 to line 75, col 51 of module ResumeContract>
/\ pcRegress = FALSE
/\ effects = <<1, 0, 0, 0, 0, 0, 0, 0, 0, 0>>
/\ consumedVal = NoVal
/\ extraResumes = 0
/\ frontier = 1
/\ crashes = 0
/\ waiting = FALSE
/\ forkVals = <<>>
/\ forkOuts = <<>>
/\ pc = 2
/\ ckpts = <<[idx |-> 1, valid |-> TRUE]>>
/\ recHist = <<>>

State 3: <ExecTask line 63, col 3 to line 75, col 51 of module ResumeContract>
/\ pcRegress = FALSE
/\ effects = <<1, 1, 0, 0, 0, 0, 0, 0, 0, 0>>
/\ consumedVal = NoVal
/\ extraResumes = 0
/\ frontier = 2
/\ crashes = 0
/\ waiting = FALSE
/\ forkVals = <<>>
/\ forkOuts = <<>>
/\ pc = 3
/\ ckpts = <<[idx |-> 1, valid |-> TRUE], [idx |-> 2, valid |-> TRUE]>>
/\ recHist = <<>>

State 4: <ExecTask line 63, col 3 to line 75, col 51 of module ResumeContract>
/\ pcRegress = FALSE
/\ effects = <<1, 1, 1, 0, 0, 0, 0, 0, 0, 0>>
/\ consumedVal = NoVal
/\ extraResumes = 0
/\ frontier = 3
/\ crashes = 0
/\ waiting = FALSE
/\ forkVals = <<>>
/\ forkOuts = <<>>
/\ pc = 4
/\ ckpts = << [idx |-> 1, valid |-> TRUE],
   [idx |-> 2, valid |-> TRUE],
   [idx |-> 3, valid |-> TRUE] >>
/\ recHist = <<>>

State 5: <ExecTask line 63, col 3 to line 75, col 51 of module ResumeContract>
/\ pcRegress = FALSE
/\ effects = <<1, 1, 1, 1, 0, 0, 0, 0, 0, 0>>
/\ consumedVal = NoVal
/\ extraResumes = 0
/\ frontier = 4
/\ crashes = 0
/\ waiting = FALSE
/\ forkVals = <<>>
/\ forkOuts = <<>>
/\ pc = 5
/\ ckpts = << [idx |-> 1, valid |-> TRUE],
   [idx |-> 2, valid |-> TRUE],
   [idx |-> 3, valid |-> TRUE],
   [idx |-> 4, valid |-> TRUE] >>
/\ recHist = <<>>

State 6: <EmitInterrupt line 78, col 3 to line 83, col 72 of module ResumeContract>
/\ pcRegress = FALSE
/\ effects = <<1, 1, 1, 1, 0, 0, 0, 0, 0, 0>>
/\ consumedVal = NoVal
/\ extraResumes = 0
/\ frontier = 4
/\ crashes = 0
/\ waiting = TRUE
/\ forkVals = <<>>
/\ forkOuts = <<>>
/\ pc = 5
/\ ckpts = << [idx |-> 1, valid |-> TRUE],
   [idx |-> 2, valid |-> TRUE],
   [idx |-> 3, valid |-> TRUE],
   [idx |-> 4, valid |-> TRUE] >>
/\ recHist = <<>>

State 7: <Consume(va) line 86, col 3 to line 96, col 62 of module ResumeContract>
/\ pcRegress = FALSE
/\ effects = <<1, 1, 1, 1, 1, 0, 0, 0, 0, 0>>
/\ consumedVal = va
/\ extraResumes = 0
/\ frontier = 5
/\ crashes = 0
/\ waiting = FALSE
/\ forkVals = <<va>>
/\ forkOuts = <<<<va>>>>
/\ pc = 6
/\ ckpts = << [idx |-> 1, valid |-> TRUE],
   [idx |-> 2, valid |-> TRUE],
   [idx |-> 3, valid |-> TRUE],
   [idx |-> 4, valid |-> TRUE],
   [idx |-> 5, valid |-> TRUE] >>
/\ recHist = <<>>

State 8: <ExecTask line 63, col 3 to line 75, col 51 of module ResumeContract>
/\ pcRegress = FALSE
/\ effects = <<1, 1, 1, 1, 1, 1, 0, 0, 0, 0>>
/\ consumedVal = va
/\ extraResumes = 0
/\ frontier = 6
/\ crashes = 0
/\ waiting = FALSE
/\ forkVals = <<va>>
/\ forkOuts = <<<<va>>>>
/\ pc = 7
/\ ckpts = << [idx |-> 1, valid |-> TRUE],
   [idx |-> 2, valid |-> TRUE],
   [idx |-> 3, valid |-> TRUE],
   [idx |-> 4, valid |-> TRUE],
   [idx |-> 5, valid |-> TRUE],
   [idx |-> 6, valid |-> TRUE] >>
/\ recHist = <<>>

State 9: <ExecTask line 63, col 3 to line 75, col 51 of module ResumeContract>
/\ pcRegress = FALSE
/\ effects = <<1, 1, 1, 1, 1, 1, 1, 0, 0, 0>>
/\ consumedVal = va
/\ extraResumes = 0
/\ frontier = 7
/\ crashes = 0
/\ waiting = FALSE
/\ forkVals = <<va>>
/\ forkOuts = <<<<va>>>>
/\ pc = 8
/\ ckpts = << [idx |-> 1, valid |-> TRUE],
   [idx |-> 2, valid |-> TRUE],
   [idx |-> 3, valid |-> TRUE],
   [idx |-> 4, valid |-> TRUE],
   [idx |-> 5, valid |-> TRUE],
   [idx |-> 6, valid |-> TRUE],
   [idx |-> 7, valid |-> TRUE] >>
/\ recHist = <<>>

State 10: <ExecTask line 63, col 3 to line 75, col 51 of module ResumeContract>
/\ pcRegress = FALSE
/\ effects = <<1, 1, 1, 1, 1, 1, 1, 1, 0, 0>>
/\ consumedVal = va
/\ extraResumes = 0
/\ frontier = 8
/\ crashes = 0
/\ waiting = FALSE
/\ forkVals = <<va>>
/\ forkOuts = <<<<va>>>>
/\ pc = 9
/\ ckpts = << [idx |-> 1, valid |-> TRUE],
   [idx |-> 2, valid |-> TRUE],
   [idx |-> 3, valid |-> TRUE],
   [idx |-> 4, valid |-> TRUE],
   [idx |-> 5, valid |-> TRUE],
   [idx |-> 6, valid |-> TRUE],
   [idx |-> 7, valid |-> TRUE],
   [idx |-> 8, valid |-> TRUE] >>
/\ recHist = <<>>

State 11: <ExecTask line 63, col 3 to line 75, col 51 of module ResumeContract>
/\ pcRegress = FALSE
/\ effects = <<1, 1, 1, 1, 1, 1, 1, 1, 1, 0>>
/\ consumedVal = va
/\ extraResumes = 0
/\ frontier = 9
/\ crashes = 0
/\ waiting = FALSE
/\ forkVals = <<va>>
/\ forkOuts = <<<<va>>>>
/\ pc = 10
/\ ckpts = << [idx |-> 1, valid |-> TRUE],
   [idx |-> 2, valid |-> TRUE],
   [idx |-> 3, valid |-> TRUE],
   [idx |-> 4, valid |-> TRUE],
   [idx |-> 5, valid |-> TRUE],
   [idx |-> 6, valid |-> TRUE],
   [idx |-> 7, valid |-> TRUE],
   [idx |-> 8, valid |-> TRUE],
   [idx |-> 9, valid |-> TRUE] >>
/\ recHist = <<>>

State 12: <ExecTask line 63, col 3 to line 75, col 51 of module ResumeContract>
/\ pcRegress = FALSE
/\ effects = <<1, 1, 1, 1, 1, 1, 1, 1, 1, 1>>
/\ consumedVal = va
/\ extraResumes = 0
/\ frontier = 10
/\ crashes = 0
/\ waiting = FALSE
/\ forkVals = <<va>>
/\ forkOuts = <<<<va>>>>
/\ pc = 11
/\ ckpts = << [idx |-> 1, valid |-> TRUE],
   [idx |-> 2, valid |-> TRUE],
   [idx |-> 3, valid |-> TRUE],
   [idx |-> 4, valid |-> TRUE],
   [idx |-> 5, valid |-> TRUE],
   [idx |-> 6, valid |-> TRUE],
   [idx |-> 7, valid |-> TRUE],
   [idx |-> 8, valid |-> TRUE],
   [idx |-> 9, valid |-> TRUE],
   [idx |-> 10, valid |-> TRUE] >>
/\ recHist = <<>>

State 13: <ExtraResume line 129, col 3 to line 136, col 58 of module ResumeContract>
/\ pcRegress = FALSE
/\ effects = <<1, 1, 1, 1, 2, 1, 1, 1, 1, 1>>
/\ consumedVal = va
/\ extraResumes = 1
/\ frontier = 10
/\ crashes = 0
/\ waiting = FALSE
/\ forkVals = <<va>>
/\ forkOuts = <<<<va>>>>
/\ pc = 11
/\ ckpts = << [idx |-> 1, valid |-> TRUE],
   [idx |-> 2, valid |-> TRUE],
   [idx |-> 3, valid |-> TRUE],
   [idx |-> 4, valid |-> TRUE],
   [idx |-> 5, valid |-> TRUE],
   [idx |-> 6, valid |-> TRUE],
   [idx |-> 7, valid |-> TRUE],
   [idx |-> 8, valid |-> TRUE],
   [idx |-> 9, valid |-> TRUE],
   [idx |-> 10, valid |-> TRUE] >>
/\ recHist = <<>>

39209 states generated, 26889 distinct states found, 19507 states left on queue.
The depth of the complete state graph search is 13.
Finished in 01s at (2026-08-06 20:01:28)
Trace exploration spec path: ../ResumeContract_TTrace_1786028487.tla
